C51 COMPILER V8.02   MAIN                                                                  05/03/2024 12:36:21 PAGE 1   


C51 COMPILER V8.02, COMPILATION OF MODULE MAIN
OBJECT MODULE PLACED IN main.OBJ
COMPILER INVOKED BY: C:\Keil\C51\BIN\C51.EXE main.c BROWSE DEBUG OBJECTEXTEND

line level    source

   1          #include<reg51.h>
   2          
   3          sbit led_1 = P1^0;
   4          sbit led_2 = P1^1;
   5          sbit led_3 = P1^2;
   6          sbit led_4 = P1^3;
   7          
   8          sbit button_1 = P2^0;
   9          sbit button_2 = P2^1;
  10          sbit button_3 = P2^2;
  11          sbit button_4 = P2^3;
  12          
  13          void main()
  14          {
  15   1              while(1)
  16   1              {
  17   2              if(button_2 == 0)
  18   2              {
  19   3               led_2=1;
  20   3              }
  21   2              else
  22   2              {
  23   3              led_2=0;
  24   3              }
  25   2      
  26   2              if(button_3 == 0)
  27   2              {
  28   3               led_3=1;
  29   3              }
  30   2              else
  31   2              {
  32   3              led_3=0;
  33   3              }
  34   2      
  35   2              if(button_4 == 0)
  36   2              {
  37   3               led_4=1;
  38   3              }
  39   2              else
  40   2              {
  41   3              led_4=0;
  42   3              }
  43   2      
  44   2              if(button_1 == 0)
  45   2              {
  46   3               led_1=1;
  47   3              }
  48   2              else
  49   2              {
  50   3              led_1=0;
  51   3              }
  52   2              }
  53   1      }


C51 COMPILER V8.02   MAIN                                                                  05/03/2024 12:36:21 PAGE 2   

MODULE INFORMATION:   STATIC OVERLAYABLE
   CODE SIZE        =     38    ----
   CONSTANT SIZE    =   ----    ----
   XDATA SIZE       =   ----    ----
   PDATA SIZE       =   ----    ----
   DATA SIZE        =   ----    ----
   IDATA SIZE       =   ----    ----
   BIT SIZE         =   ----    ----
END OF MODULE INFORMATION.


C51 COMPILATION COMPLETE.  0 WARNING(S),  0 ERROR(S)
