C51 COMPILER V8.02   MAIN                                                                  05/03/2024 12:00:18 PAGE 1   


C51 COMPILER V8.02, COMPILATION OF MODULE MAIN
OBJECT MODULE PLACED IN main.OBJ
COMPILER INVOKED BY: C:\Keil\C51\BIN\C51.EXE main.c BROWSE DEBUG OBJECTEXTEND

line level    source

   1          #include<reg51.h>
   2          
   3          sbit led = P1^0;
   4          sbit button = P2^0;
   5          
   6          void main()
   7          {
   8   1              while(1)
   9   1              {
  10   2              if(button == 0)
  11   2              {
  12   3               led=1;
  13   3              }
  14   2              else
  15   2              {
  16   3              led=0;
  17   3              }
  18   2              }
  19   1      }


MODULE INFORMATION:   STATIC OVERLAYABLE
   CODE SIZE        =     11    ----
   CONSTANT SIZE    =   ----    ----
   XDATA SIZE       =   ----    ----
   PDATA SIZE       =   ----    ----
   DATA SIZE        =   ----    ----
   IDATA SIZE       =   ----    ----
   BIT SIZE         =   ----    ----
END OF MODULE INFORMATION.


C51 COMPILATION COMPLETE.  0 WARNING(S),  0 ERROR(S)
